LOGIN AUTOMATION REPORT
LOGIN AUTOMATION REPORT
admin : PASS
aitesting : PASS
admin : FAIL
